﻿
> hospital@0.0.0 build
> vite build

[36mvite v8.0.0 [32mbuilding client environment for production...[36m[39m
[2K
transforming...Γ£ô 2144 modules transformed.
node.exe : [31mΓ£ù[39m Build failed in 1.24s
At line:1 char:1
+ & "C:\Program Files\nodejs/node.exe" "C:\Program Files\nodejs/node_mo ...
+ ~~~~~~~~~~~~~~~~~~~~~~~~~~~~~~~~~~~~~~~~~~~~~~~~~~~~~~~~~~~~~~~~~~~~~
    + CategoryInfo          : NotSpecified: ([31mΓ£ù[39m Build failed in 
    1.24s:String) [], RemoteException
    + FullyQualifiedErrorId : NativeCommandError
 
[31merror during build:
[31mBuild failed with 1 error:

[plugin vite:css] 
C:/Users/COM131/Desktop/hospital/src/index.css:undefined:NaN
Error: [postcss] It looks like you're trying to use `tailwindcss` directly 
as a PostCSS plugin. The PostCSS plugin has moved to a separate package, 
so to continue using Tailwind CSS with PostCSS you'll need to install 
`@tailwindcss/postcss` and update your PostCSS configuration.
    at at (C:\Users\COM131\Desktop\hospital\node_modules\tailwindcss\dist\l
ib.js:38:1643)
    at LazyResult.runOnRoot (C:\Users\COM131\Desktop\hospital\node_modules\
postcss\lib\lazy-result.js:361:16)
    at LazyResult.runAsync (C:\Users\COM131\Desktop\hospital\node_modules\p
ostcss\lib\lazy-result.js:290:26)
    at LazyResult.async (C:\Users\COM131\Desktop\hospital\node_modules\post
css\lib\lazy-result.js:192:30)
    at LazyResult.then (C:\Users\COM131\Desktop\hospital\node_modules\postc
ss\lib\lazy-result.js:436:17)[31m
    at aggregateBindingErrorsIntoJsError (file:///C:/Users/COM131/Desktop/h
ospital/node_modules/rolldown/dist/shared/error-CP8smW_P.mjs:48:18)
    at unwrapBindingResult (file:///C:/Users/COM131/Desktop/hospital/node_m
odules/rolldown/dist/shared/error-CP8smW_P.mjs:18:128)
    at #build (file:///C:/Users/COM131/Desktop/hospital/node_modules/rolldo
wn/dist/shared/rolldown-build-4YnQkA76.mjs:3311:34)
    at async buildEnvironment (file:///C:/Users/COM131/Desktop/hospital/nod
e_modules/vite/dist/node/chunks/node.js:32794:64)
    at async Object.build (file:///C:/Users/COM131/Desktop/hospital/node_mo
dules/vite/dist/node/chunks/node.js:33216:19)
    at async Object.buildApp (file:///C:/Users/COM131/Desktop/hospital/node
_modules/vite/dist/node/chunks/node.js:33213:153)
    at async CAC.<anonymous> (file:///C:/Users/COM131/Desktop/hospital/node
_modules/vite/dist/node/cli.js:778:3) {
  errors: [Getter/Setter]
}[39m
